2026-09-15 18:22:26 | INFO     | [data_loader:load_raw_data:59] - Loading raw datasets: train=train.csv, test=test.csv, store=store.csv
2026-09-15 18:22:26 | INFO     | [data_loader:load_raw_data:64] - Raw dimensions: train=(100, 9), test=(100, 8), store=(1115, 10)
2026-09-15 18:22:26 | INFO     | [data_loader:clean_store_data:75] - Cleaning store metadata and handling missing values...
2026-09-15 18:22:26 | INFO     | [data_loader:clean_store_data:82] - Imputing 3 missing CompetitionDistance with median=2325.0m
2026-09-15 18:22:26 | INFO     | [data_loader:clean_store_data:98] - Store data cleaning completed with 0 nulls remaining.
2026-09-15 18:22:26 | INFO     | [data_loader:clean_sales_data:107] - Cleaning Train sales records...
2026-09-15 18:22:26 | INFO     | [data_loader:clean_sales_data:107] - Cleaning Test sales records...
2026-09-15 18:22:26 | INFO     | [data_loader:load_and_merge_data:189] - Merging train data with store metadata...
2026-09-15 18:22:26 | INFO     | [data_loader:load_and_merge_data:192] - Merging test data with store metadata...
2026-09-15 18:22:26 | INFO     | [data_loader:load_and_merge_data:200] - Final merged shapes: train=(100, 18), test=(100, 17)
2026-09-15 18:26:57 | INFO     | [data_loader:load_raw_data:59] - Loading raw datasets: train=train.csv, test=test.csv, store=store.csv
2026-09-15 18:26:57 | INFO     | [data_loader:load_raw_data:64] - Raw dimensions: train=(100000, 9), test=(41088, 8), store=(1115, 10)
2026-09-15 18:26:57 | INFO     | [data_loader:clean_store_data:75] - Cleaning store metadata and handling missing values...
2026-09-15 18:26:57 | INFO     | [data_loader:clean_store_data:82] - Imputing 3 missing CompetitionDistance with median=2325.0m
2026-09-15 18:26:57 | INFO     | [data_loader:clean_store_data:98] - Store data cleaning completed with 0 nulls remaining.
2026-09-15 18:26:57 | INFO     | [data_loader:clean_sales_data:107] - Cleaning Train sales records...
2026-09-15 18:26:57 | INFO     | [data_loader:clean_sales_data:107] - Cleaning Test sales records...
2026-09-15 18:26:57 | INFO     | [data_loader:clean_sales_data:120] - Imputing 11 missing 'Open' flags in Test...
2026-09-15 18:26:57 | INFO     | [data_loader:load_and_merge_data:189] - Merging train data with store metadata...
2026-09-15 18:26:57 | INFO     | [data_loader:load_and_merge_data:192] - Merging test data with store metadata...
2026-09-15 18:26:57 | INFO     | [data_loader:load_and_merge_data:200] - Final merged shapes: train=(100000, 18), test=(41088, 17)
2026-09-15 18:26:58 | INFO     | [data_loader:detect_outliers_iqr:153] - Outlier check for 'Sales': Q1=5142.0, Q3=8605.0, Upper Threshold=18994.0. Detected 592 outliers (0.71%).
2026-09-15 18:27:17 | INFO     | [data_loader:clean_store_data:75] - Cleaning store metadata and handling missing values...
2026-09-15 18:27:17 | INFO     | [data_loader:clean_store_data:82] - Imputing 3 missing CompetitionDistance with median=2325.0m
2026-09-15 18:27:17 | INFO     | [data_loader:clean_store_data:98] - Store data cleaning completed with 0 nulls remaining.
2026-09-15 18:49:58 | INFO     | [feature_engineering:engineer_features:102] - Engineering temporal, holiday distance, and promotional features...
2026-09-15 18:49:58 | INFO     | [feature_engineering:engineer_features:152] - Feature engineering completed. Columns: ['Date', 'Store', 'Promo', 'StateHoliday', 'SchoolHoliday', 'StoreType', 'Assortment', 'CompetitionDistance', 'CompetitionOpenSinceMonth', 'CompetitionOpenSinceYear', 'Promo2', 'Promo2SinceWeek', 'Promo2SinceYear', 'PromoInterval', 'Open', 'Year', 'Month', 'Day', 'DayOfWeek', 'IsWeekend', 'Quarter', 'WeekOfYear', 'MonthPhase', 'DaysToHoliday', 'DaysAfterHoliday', 'CompetitionOpenMonths', 'IsPromo2Active']
2026-09-15 18:55:21 | INFO     | [feature_engineering:engineer_features:102] - Engineering temporal, holiday distance, and promotional features...
2026-09-15 18:55:21 | INFO     | [feature_engineering:engineer_features:152] - Feature engineering completed. Columns: ['Date', 'Store', 'Promo', 'StateHoliday', 'SchoolHoliday', 'StoreType', 'Assortment', 'CompetitionDistance', 'CompetitionOpenSinceMonth', 'CompetitionOpenSinceYear', 'Promo2', 'Promo2SinceWeek', 'Promo2SinceYear', 'PromoInterval', 'Open', 'Year', 'Month', 'Day', 'DayOfWeek', 'IsWeekend', 'Quarter', 'WeekOfYear', 'MonthPhase', 'DaysToHoliday', 'DaysAfterHoliday', 'CompetitionOpenMonths', 'IsPromo2Active']
2026-09-15 18:58:31 | INFO     | [data_loader:clean_store_data:78] - Cleaning store metadata and handling missing values...
2026-09-15 18:58:31 | INFO     | [data_loader:clean_store_data:85] - Imputing 1 missing CompetitionDistance with median=500.0m
2026-09-15 18:58:31 | INFO     | [data_loader:clean_store_data:101] - Store data cleaning completed with 0 nulls remaining.
2026-09-15 18:58:31 | INFO     | [data_loader:clean_sales_data:110] - Cleaning Train sales records...
2026-09-15 18:58:31 | INFO     | [data_loader:clean_sales_data:123] - Imputing 1 missing 'Open' flags in Train...
2026-09-15 18:58:31 | INFO     | [data_loader:detect_outliers_iqr:156] - Outlier check for 'Sales': Q1=101.5, Q3=104.5, Upper Threshold=110.5. Detected 1 outliers (14.29%).
2026-09-15 18:58:31 | INFO     | [data_loader:clean_store_data:78] - Cleaning store metadata and handling missing values...
2026-09-15 18:58:31 | INFO     | [data_loader:clean_store_data:85] - Imputing 3 missing CompetitionDistance with median=2325.0m
2026-09-15 18:58:31 | INFO     | [data_loader:clean_store_data:101] - Store data cleaning completed with 0 nulls remaining.
2026-09-15 19:00:17 | INFO     | [feature_engineering:engineer_features:102] - Engineering temporal, holiday distance, and promotional features...
2026-09-15 19:00:17 | INFO     | [feature_engineering:engineer_features:152] - Feature engineering completed. Columns: ['Date', 'Store', 'Promo', 'StateHoliday', 'SchoolHoliday', 'Open', 'StoreType', 'Assortment', 'CompetitionDistance', 'CompetitionOpenSinceMonth', 'CompetitionOpenSinceYear', 'Promo2', 'Promo2SinceWeek', 'Promo2SinceYear', 'PromoInterval', 'Year', 'Month', 'Day', 'DayOfWeek', 'IsWeekend', 'Quarter', 'WeekOfYear', 'MonthPhase', 'DaysToHoliday', 'DaysAfterHoliday', 'CompetitionOpenMonths', 'IsPromo2Active']
2026-09-15 19:00:17 | INFO     | [feature_engineering:engineer_features:102] - Engineering temporal, holiday distance, and promotional features...
2026-09-15 19:00:17 | INFO     | [feature_engineering:engineer_features:152] - Feature engineering completed. Columns: ['Date', 'Store', 'Promo', 'StateHoliday', 'SchoolHoliday', 'StoreType', 'Assortment', 'CompetitionDistance', 'CompetitionOpenSinceMonth', 'CompetitionOpenSinceYear', 'Promo2', 'Promo2SinceWeek', 'Promo2SinceYear', 'PromoInterval', 'Open', 'Year', 'Month', 'Day', 'DayOfWeek', 'IsWeekend', 'Quarter', 'WeekOfYear', 'MonthPhase', 'DaysToHoliday', 'DaysAfterHoliday', 'CompetitionOpenMonths', 'IsPromo2Active']
